ym
икоао х нкоао  , иоао иа о	ansee	anser
AROR] RUTDNE(486797,):2026-05-12-14:36:11.537.351 [error message nanage.cC:61]486797 FuncErrorReason:rtMencpy execution failed, reason-the current capture node does not support this operation
(SROR] ASCENOCL.(486797,):2026-05-12-14:36:11.537.449(memory.cpp:541]486797 aclrtNencpyImpl:synchronized mencpy failed, kind = 1, runtime result - 107030
MOR] RUMTDNE(486797,):2026-05-12-14:36:11.545.840 [api_iapl.cc:2677)486797 HenCopySync: he current capture mode:threadCaptureNode-O, exchangeCaptureHode-O, contextCaptureNade-O
(CRROR] RUNTINE(486797,):2026-05-12-14:36:11.545.845[api_error.cc:1571]486797 NenCopySync:Nemory copy sync failed, cnt-456, kind-1.
CKROR] RUNTINE(486797,):2026-05-12-14:36:11.545.851[api c.cc:1097]486797rtNencpy:ErrCode-107030, desc=[the current capture mode does not support this operation], InnerCode-0x703001c
uaoR) RUNTINE(486797,):2026-05-12-14:36:11.545.854(error message manage.cC:61]486797 FuncErrorReason:rtMencpy execution failed, reason-the current capture mode does not support this operation
((SAOR] ASCENOCL(486797,):2026-05-12-14:36:11.545.985(Desory.cpp:5A1]486797 acirt)encpyIapl:synchronized mencpy failed, kind = 1, runtime result = 107030
ERROR] RUMTINE(486797,) :2026-05-12-14:36:11.S46.122(api_impl.cc:2677]486797 NenCopySync:The current capture mode:threadCaptureNode-O, exchangeCaptureNode-O, contextCaptureNode-Oa
(E8TOR] MAKTINE(486797 ,) :2026-05-12-14:36:11.546.127(api error.cc:1571)486797 KenCopySync:Memory copy sync failed, nt-72, kind-1.
(ENROR] RUATIME(486797,):2026-05-12-14:36:11.546.734[apis.cc:1097]486797 rtNencpy:ErrCode-107030, desc=[the current capture mode does not support this operation], InnerCode-0x703001c
(CAR0R] AUNTINE(486797,) :2026-05-12-14:36:11.546.737(error message_manage.cC:61]486797 FuncErrorReason:rtNencpy execution failed, reason-the current capture mode does not support this operation
0EO2OT = 31nS3. 3mJ2UNL *T= pUIx *pol!R) Adouau pazjuo.puAs: duTAdowaM-TDE 26198H[T15:ddorKJ0uO] 1281915"11:963NT-21-SO-9Z0Z: (" 16198)) DOEDSY (80883)
.(CSAOR] RUNTIME(486797.):2026-05-14-13:57:37.940.829 [stars engine.cc:1534]487049 ProclogicCqReport:Task run failed, device_id-2, stream_id-47, task_id-2056, sqe_type-7(notify wait), errType-Ox20(sq sw status error), sqSustatus-0x102e	Co00
2320103 'SST-p] aRa13S 3MEJ *xдp 2003013 8503 3J0ЭJE T S] JaquNU 1E!JDS (O:PIAIP “T:PIAIUD)aOJAAP 0OJJ 10JJа aU :OJUTX](3П09W|13J0]5JE3SSS000A】 660L8H(8£8T:00130.d J0J1 зОpAар] CTC"TN6 1EF1S)C1-MT-SO-92OZ: (" 16198))3ML1N8(80083) 	sk_i6-3, falut_siot_id-4, tincout and cun bitmap-o
OIp PAO1g @-@pOu apS "EC-PI A503 "IST-P]Ma1ST-P]T0OJhapE-P! 40]S OJU] 1015 NOUS "XJp 3N080]1 9503 3JOO1E:OJU[301SXJG3N03M[1SJB3SSS8001】 610L8H[126[:00100J0 10J13 8О)AОD] 82£ 166 1E 1S:E1-91-SO-9Z02: (" 261981)3ML1MM (20883]的	1000000020921х0-11035 3d °эиои-эка оди] раилад  О1ООООГ Ор1-18S30869J08SEJPJ0E9ЭJSESOPPI OU]QWOONAJUD3EdS[G-ЭUEU 1aUJаN" 0ЭN0091SEXO-1де1аUо AjE 3013000006080N00и@-оден1аоно Aе  ZDETF10 1@-dаmiаuно эje @-	RPOPO1g "@-@pou aups  @-P19503 'SST-p! aans T-DI0OJAap 'I-p] 2015 'OJU] 201S MOUs 'xJp 20030[3 8SE3 3J0D[8:OJU1301SXAMN03M11SJE35SS000A】 69018)[1/61:30130J6 1011 301A3p] EE£/116 15:15:£1-91-50-9ZO2: ( 16198))3MLINN8(80083)	.0-11038 3d 1000U-2x0-0Ju] 10U13X " LCа0UE8O]400щ1 2mо1NS-ора0м "@-1девдогонA10 @-@дви 1аноTAуe " @-demgгuню эie ,
001 3018 1000£00£0002180-00 30013ND*1-20A33 q0S 10-2dA3 0J00 “T-P] 3J0D ‘OJU] 3J0O NOUS *xJp 3N0DU[3 NSE3 aJOOJE:OJUIXJG3N030]10J03SJR3SSS8001d 6N0L8H[1Z61:30130.6 10JM1 801A00] SE£-106 1E:1S 6T-01-50 9202: (" 16198))3M1D08 (1003)的	-0110015 1000800£00021X0-00 3U0.JND1T-20130 qNS "@-adA3 3J0 "@-p] 3J00 1O3U] 0.0O NOUs "xдp 3N03WI3 NSE3 aJOO[E:OJUTXJGLNO3U]10103SJ035SS000Id 610L8H[1261:3013081AMT8OJap] 15E T16 1E:15:01-11-50-920E: (" 161961)3M1M8 (10883)的	E-pI 3015 10008Q3£00021X0-00 3U01JNO *1-10A10 q0S "0-adA2 3.0O*S-p]T030O "OJU] 3.OO NOUS 1Xp 2N030[3 ASE3 0JOO[E:OJUTXJG1N0DU|101035JR3SSS0001】 GNOL8N[1261:30130.1018880J/D]6EE 1061E:1S:C1-91-50-S202: ("161900)3MLIMT8 (80883)	-010015 00020000002000-00 30013ND1-10180 q05 О-a/33303 9-p]3J03 OJU] 3J0D NOUS "xдp 3N0D0]3 XSR3 3JOOJR:OJUIXJ03N080]10J035JE3558800L】 6N0L8D{1Z6):3073036 18£ 301A00] 19E 106°1E:1S:61-01-SO-9202:( 16198))3MTDM (J088)	E-P1 3015 1000£Q0E2002180-00 30013ND *T-20AL3 qnS @-adK 3003 “L-P! 0J0D "OJU] 0J0O NOUs "xдp 30030]3 8SE] 3J0OJE:OJUIXJG1N090]10J03SJ03£SS0001£ 6NOLSN[1261:0013016101F180JA3D]ENE 196/1E:1S:E1-01-S0-9Z0E: (" 16198))3MLIMA (20083)	E-pI 3015 1000800ED0021R0-00 3003JND*T-20A80GnS "@--0K) 330D ‘OT-PIT3J0D /OJU] 0J0O NOUS "xp 3N030]3 8SE] AJ0OLE:OJUTXJGIN030]18J035J0355500038 690L8N[1261:303086108A801/0O]SNE 106118 1S:01-91-50-920E:(" 16198))3M1DM8 (2008)	(EMOR] NATINE(406797,) 2026-03-34-13:57:31.961.341{device Arfor proc.CC:1921J487049 ProcessStarsCoreTineoutDfxInfo:aicore task timeout dfx, show core info, core_id-ll, core_type-O, sub_error-l, current pC-Ox12cOC3cb3eac, slot_10-3.	(902) MRNE(486797 ,) :2026-05-14-13:57:31.941.349(Gevice Asror proc aC:1921]487049 ProcessStarsCoreTincoutDfxInfo:aicore task timcout dfx, show core info, core_id-13, core type-O, sub_error-1, current pC-Ox12cOc3cb3eac, slot_10-3.	((008] MATNE(486797 ,) :2026-05-14-13:57:31.941.350{Gnvicn esfor pro:.cC:1921]487049 ProcessStarsCoreTincoutDfxInfo:alcore task timeout dfx, show core info, core_id-16, core type-O, sub_error=l, current pr-Oxi2COCSeb3eac, slot_10-3.	((02) EKTDE(486791 , ) 2026-05-34-13:57:31.941.352(Se/ice Assor proc.cE:1921]487049 ProcessStars(oreTimcoutfxInfo:aicore task timcout dfx, show core info, core_id-22, core_type-O, sub_error-l, current_pC-Oxi2cOcScb3eac, slot_16-3.	(B0C2) EN1NE(486797, ):2026-05-14-13:51:31.941.354{Govice Arfor pro:AC:19213487048 ProcessStarsCoreTincoutOfxInfo:alcore task tincout dfx, show core info, core_id-23, core_type-O, sub _error-l, current pC-Ox12cOC3eb3esc, slot_1d-3.	E-p] 201S "S00EQDED0021X0-00 3001JND11-30120 qn5*Qua0A-0303 (О-P] AJ0D /OJU] 0J0O NOUS "XJp 3N0BU[3 8S03 0J0O[E:OJUTXJG3N000|11038J03£S80001$ 6N0189[1261:9013036 1031 001100] S58-106 18:15:£1-03-S0-9802:(" 16198) )3MLD8 (s03)	8-p1~3018 1000£Q0£D0D21K0-00~303LANO*TAs0usa-GNS "O-adA 0J0D "T-D[0S0D "OJU] aJOO NOUS "xдp 3N00U]] 9SE3 0J0OJE:OJUIXJGTNONM]101038J3£SS83OL£ 6N0L8N(1261:YS0MMSE001A0p] 15E1106/ 1E:1S61-11-S0-SEOE: ("16190)38 (8080)	(C08] MNTE(406191 .) :2026-03-34-13:51:37.041.359{Ge/lcn ar1or pro:C:3921J487049 ProcessStarsCoreTincoutDfxInfo:alcore task tinout dfx, show core info, core_id-3, core type-O, sub_errar-l, current pc-Ox12cOC3eb3eac, slot_id-3.	(E003) 00(486791 ,) :2026-05-14-13:51:31.901 361 {dwrice Arsor groc.c2:3921J461049 ProcessStarsforeTincoutOfxInfo:alcore task timeout dfx, show core info, care_id-12, core type-O, sub_error-l, current pC-Oxi2COC3eb3eaC, slot_id-3.	C-p171015 1000£Q0£30>2IXO-30 3U0LAND“T-10120 ONS"O-adK3-030D "2T-PI 0J0D "OSU] 0SO3 NOUS 'Np 3N00M]3 9S03 0300J0:OJULAJG3N000]101038J03££S03018 G00L88(1268:50 3056M1sN00(100】206-19618-15:83-01-50-3002:("16190))3M08 (188))	(U901) MaDE(496191 ,):2026-03-34-33:57:31.941.364 {Gevice Arfor P10C.CC:3921]487049 ProcessStorsCoraTincoutDfxInfo:alcore task timeout dfx, shou core info, core_ld-18, core type-O, sub_erfor-1, current pc-Ox12COC3eb3esc, slot_id-3.	E-p1 3015 1300£90E2002[X0-30 30013ND1T-10320-905 "0-adA3 0303 "ET-p] 030S (OSU] 0SOS NOUE *ASp 2N00U[A 9SE3 0J0OJ0:OSUTAJGAN000]O138S3CSSOSOLA CNOL8N(1868:911S0SSMSN01100]90E-196/181S C3-11-S0-S802 ("18198)30DM8 (Dc8)	E-p1 3015 "300£QDED0DE[XO-00 300JJND*T-20LA0TONS "QuadA3 00D(OZ-D] 0LOD "OSU] 0L03 NOUS "ASp 3N000[3 NS03 0J0310:OJUIKJG3N0S0[101030J03££SO3038 CNOL8N(1261:0813086103800月100] 1961106-18:15:£8-97-S0-9802:(" 161909)3JN8 (2003)	-01 3015 1000£Q0£D002[XO-00 30013) “T-30183 GNS 10uadK30303 (T@-p]-0L03 "OSU] 0SOD NOUS "XAp 3N000L3 q8E3 0J031E:OJUEAJG3N000][013EJ03SESA3OIL CNOLON[1E68:0130162088001100]0OE-106 18:15-63-11-S0-SL03 ("16190))3MO (1C80)	(3) 2008(406191 ) :2026-08-34-13:51:31.041.331 {Geyicn Arfor_DrOC.CC:39213487049 ProcessStarsCoreTinnoutOfxinfo:alcore task tineout dfx, show core info, core_id-2, core_type-l, sub_erraral, current_pC-Oxi2cOc3edbc3c, slot_1d-3.a	0-P1 3015 1060300£30021KO-30 3002303*Te30220 G0S "TuadA) 030D S-p[aL03 "OSU] aJOO NOUs "ASp 3NO9M]3 9003 0U0O10:OJUIAJGIN0I0]10J03813£88030L8 080L8N(121:301301611M8100]211618:15-01-01-S0-a002 (1A1900)300 (8)	8-р1 2015 106020083002180-30 300130)1T02011 G0S "дu0d/3-0103"SAp[T00D(OJU] 0SO3 nOU "AAp 2000013 qSE3 0203|0:OJU]ASG3N0N0 1010SEJ0358803028 610L8N(1861:00 30161011001100] 918 196 18115 11-07 50-9802: (" 141980)3L02 (a080)	8-D] 3015 "0603P0ED002[N0-00 30033N3 1T0s0118 ORS "S-0d/3-0303 "S-pIOL0D "OJU] aSOO NOyS "Ap 30000/3 q803 0DOS|O:OJUIAJCI000N]108038M03555030L8 680185[1861:00 30361011A00(A0p) OL£108/18-1S 01-01-50-9002:("16L900)3008 (081)
(APIServer pid-486430) INFO 05-14 12:00:19 [Loggers.py:259]Engine 002: Avg prompt throughput: 0.O tokens/s, Avg generation throughput: 67.9 tokens/s, Running: 1 reqs, Maiting: O reqs, GPU KV cache usage: 3.0%, Prefix cache hit	90.9%,External prefix cache hit rate: 100.0%
(APIServer pld-486430) INFO 05-14 12:00:19 [ etrics.py:100]SpecDecoding metrics: Hean acceptance Length: 3.99, Accepted throughput: 50.90 tokens/s, Drafted throughput: 51.00 tokens/s, Accepted: 509 tokens, Drafted: 510 tokens,	sition acceptance rate: 1.000, 1.000,0.994, Avg Draft acceptance rate: 99.8%
(APIServer pid-486430) INFO 05-14 12:00:29 [Loggers.py:259) Engine 002: Avg prompt throughput: 0.O tokens/s, Avg generation throughput: 66.8 tokens/s, Running: 1 reqs, Waiting: O reqs, GPU KV cache usage: 3.3%, Prefix cache hit	90.9%, External prefix cache hit rate: 100.0%
(APIServer pid-486430) INFO 05-14 12:00:29 [metrics.py:100] SpecDecoding metrics: Hean acceptance Length: 3.98, Accepted throughput: 50.00 tokens/s, Drafted throughput: 50.40 tokens/s, Accepted: 500 tokens, Drafted: 504 tokens,	sition acceptance rate: 1.000,1.000, 0.976,Avg Draft acceptance rate: 99.2%
(APIServer pid-486430) INFO 05-14 12:00:39 [Loggers.py:259] Engine 002: Avg prompt throughput: 0.O tokens/s, Avg generation throughput: 66.8 tokens/s, Running: 1 reqs, Waiting: O reqs, GPU KYV cache usage: 3.5%, Prefix cache hit	90.9%, External prefix cache hit rate: 100.0%
"suaнon 205 :pазуeug "suayo2 661 :pandasoy 's/SU3XO3 OL OS :andцßno.m pазjeug "s/SU3XO1 06 66 :andößno.un paдda0oy "s6 E :uдua) aouendasoe ueay :soJ.naw Su popagpads (OOT:Ad soj.Taw] 6E:00:ZT ÜT-SO OJNI (OEV98L-pId 1aMJaSIdV)
sition acceptance rate: 1.000, 0.994, 0.959,Avg Draft acceptance rate: 98.4%
(APIServer pid-486430) INFO 05-14 12:00:49 (Loggers.py:259) Engine 002: Avg prompt throughput: 0.0 tokens/s, Avg generation throughput: 66.O tokens/s, Running: 1 reqs, Waiting: O reqs, GPU KV cache usage: 3.8%, Prefix cache hit
90.9%, External prefix cache hit rate: 100.0%
(APIServer pid-486430) INFO 05-14 12:00:49 [metrics.py:100] SpecDecoding netrics: Hean acceptance Length: 3.95, Accepted throughput: 49.30 tokens/s, Drafted throughput: 50.10 tokens/s, Accepted: 493 tokens, Drafted: 501 tokens,
sition acceptance rate: 1.000,1.000, 0.952, Avg Draft acceptance rate: 98.4%
.219 oupeo xijand "8010 :aßesn aupeэ /X Nd9 "sbau o :3uyageM "sbau o :Sujuung 's/sU3803 0-09 :andußnouun woглeлaus3 3лy "s/su3802 о-0 :andц3nоuun 3dиюud 3лy :Z00 au13u3 [65Z:Ad-sJa3301] 65:00:ZT VT SO O3NI (OCV98I-pId JaA.aSIAV)
90.9%, External prefix cache hit rate: 100.0%
(APIServer pid=486430) INFO 05-14 12:00:59 [metrics.py:100] SpecDecoding metrics: Kean acceptance Length: 3.97, Accepted throughput: 44.90 tokens/s, Drafted throughput: 45.30 tokens/s, Accepted: 449 tokens, Drafted: 453 tokens,
sition acceptance rate: 1.000, 1.000, 0.974, Avg Draft acceptance rate: 99.1%
 3уу Эуэеэ хууалд "ного :абекп эуреэ AX N89 "sbаи 0 :SЗuу31еM °sbаи 0 :Sujuuny *s/sи3y03 010 :аndц3полур ио/30.9033 3лу °s/suэхо3 О0 :зndцрполур зашолd 3лy :z00 au 8u3 [65Z:Ad*$.33801] 60:10:ZT >T -SO 03NI (0££986-pYd J9N.0SIAV)
0.9%, External prefix cache hit rate: 100.0%
W0514 12:49:01.889355 506652 common.h:337] Socket read incompleted: expected 8 bytes, actual O bytes
£0514 12:49:01.889387 506652 common.h:373] readString: failed to read length, got: O
T UwNTO] 'T aul7 , :100.O] uosf pasojjeu 'aSessam axcuspuey aAjaçau o3 palles :UJ3ndaxeUSpueyaxos (OS/:ddo u|3nd exepezau JajSueJT Z59905 519688 TO:6W:ZT VTSO] 的
Syntax error: value, object or array expected.
,json string Length: O, json string content:
£0514 12:49:01.890118 506652 conmon.h:378] readString: too large length from socket: 6073139484287059271
£0514 12:49:01.890131 506652 transfer metadaa plugin.cpp:750] SocketHandShakePlugin: failed to receive handshake nessage, malformed json format:  Line 1, Column 1
Syntax error: value, object or array expected.
Json string Length: O, json string content:
W0514 12:49:04.758981 506775 common.h:337] Socket read incompleted: expected 8 bytes, actual O bytes
£0514 12:49:04,759019 506775 common.h:373] readString: failed to read length, got: O
T UmO) 'T 3UIT , :280J0] Uos[ pauJojen  aSessam axeuspuey aA[aSaJ 01 paTIE) :W]3mdpxEUSpUENaxDOS [OSL:dd5 uTSmd exepelau JajSUC.N S/905 5906SL 1O:6V:ZT 11SO3
Syntax error: value, object or array expected.
]son string Length: O, json string content:
E0514 12:49:04.759788 506775 common.h:378]readString: too large length from socket: 6073139484287059271	EO014 12:49:04.759800 506775 transfer metadata plugin.cpp:750] SocketHandShakePlugin: failed to receive handshake sessage, malformed json format: " Line 1, Column 1
Syntax error: vatue, object or array expected.
json string Length: O, json string content:
E0514 12:49:04.761484 506775 common.h:378] readString: too large length from socket: 1550483194646 	TUMoDT U11 , :e1O] Uos[ possoges "aSessou axeyspuey aApaSas o3 porles :w8mdoyeuSpueInapoS (OSL:ddoruramd exepe1ab .a1SUEL1 S21905 16FT9L"10:6M:21 M150]
Syntax error: value, object or array expected.
,json string Length: O,json string content:
s	, json string length: O, json string content:
WO514 12:49:08.801141 506532 common.h:337] Socket read incompleted: expected 8 bytes, actual O bytes
民 E0514 12:49:08.801177 506532 common.h:373] readString: failed to read length, got: 0
0	E0514 12:49:08 801242 506532 transfer metadata plugin.cpp:750] SocketHandShakePlugin: failed to receive handshake message, nalforned json format: ’ Line 1, Colum 1	Syntax error: value, object or array expected
son string length: O, json string content:
£0514 12:49:08.802099 506532 common.h:378] readString: too large length from socket: 6073139484287059271
E0514 12:49:08.802114 506532 transfer metadata plugin.cpp:750]SocketHandShakePlugin: failed to receive handshake message, malformed json format:"Line 1, Column 1
t	Syntax error: value, object or array expected.
, json string length: O, json string content:
Process VLUN OP Coordinator:
O Traceback (most recent call Last):
File "/usr/local/python3.11 14/Lib/python3.11/multiprocessing/process.py", Line 314, in  bootstrap
self.run()
a	File "/usr/local/python3.11.14/Lib/python3.11/multiprocessing/process.py", line 108, in run
self target( self. args," self kwargs)
File "/vltm workspace/vllm/vilm/v1/engine/coordinator py", Line 148, in run_coordinator
coordinator process input socket(
File "/vllm-workspace/vllm/vlln/v1/engine/coordinator.py’, Line 262, in process_input socket
decoded = msgspec.msepack.decode(buffer)
VVVVVVVVWVVVVWWVVWwwwywwvwwwwv的
msgspec.DecodeError: MessagePack data is malforned: trailing characters (byte 1)
(APIServer pid=486431) INFO:  122.209 21.9:54572-  POST /v1/chat/completions HTTP/1.1" 200 OK
(Morker DPO_TP2 EP2 pid-186797) INFO 05-14 13:48:28 [mooncake connector.py:553]KV cache transfer for request chatcmpl-2d05716e edaa 40f1-8c4b b21981cesbba 9aAbf/ed took 2.75 ms (2 groups,
e id 2 remote session id 122.209.21.9:16612
(Morker DPO TPO EPO pid=486590) INFO 05-14 13:48:28[mooncake connector.py:553] KV cache transfer for request chatcmpl-2d05716e edaa 40f1 8c4b b21981ceSbba 9a4bf7ed took 2.95 as (2 groups, 2 blocks). local
e id O remote session id 122.209.21.9:16783
(Worker DPO TP1 EP1 pid-486627) INFO 05-14 13:48:28 [mooncake connector.py:553]KV cache transfer for request chatcmpl 2d05716e edaa 40f1-8c4b-b21981cegbba-9aAbf/ed took 3.00 ns (2 groups, 2 blocks). local
e id 1 remote session id 122.209.21.9:15103 J
(Morker DPO TP3 EP3 pid-486970) INFO 05-14 13:48:28 [mooncake connector.py:553] KV cache transfer for request chatcapl 2d0571Ge edaa 40f1-8<4b-b21981ceSbba 9a4bf/ed took 2.88 ms (2 groups, 2 blocks). local
e id 3 remote session id 122.209.21.9:16248
n awos Suzop .10 Suy8uey ase sassa3osd эwos uayn suaddeg AppesJdA, SIU] SpUO33S 09 U) punoj xpo1q :seSpEO.Q KJOUSU pa.EUS 31Ge1(EAE ON (189:Ad 1seSpEOIwUs] 6Z:60:ET 6T SO OHNI (OTS98L pId OdC 3103au1Sug)
ilation, weight/ky cache quantization).
(APIServer pid=-486430) INFO:  122.209.21.9:46460 –  POST /v1/chat/completions HTTP/1.1" 200 OK
30] (SX2019 8£  sdn033 8E) SШ £9 O1 Y00) >03/>68е-EST/£C££9/03-/££Q-OZE)-9009-20896SP9 {duЭ;eU3 3sanba3 J0J J9/SuE.3 supE> AX (ESS:Nd 10138UUOS sxe3u000] vE:05:£T £T SO 0JNI (885986-pId 883 0d1 Zdа JзNOM)
vice id 0 remote session id 122,209.21.10:16224 
0)  (syp019 8E sdno.3 8£) Su 99 Oレ Y00) SP3/D68E-ESL/£££E8/O3-2£E9-OZEL 9008-20896SP9-{duЭ10U3 3sanba. J0) 19JSUEJ3 8U30Э AX (ES5:Ad'10123UUOS 3xe3U000] VE:OS:ET VT SO O3NI (661986 pId 0TJ3 Zd1 ZdO 1axJOM) 
evice id 2 remote session id 122.209.21.10:16268
07 -(59019 8E 'sdn0.8 8C) Su ZL°Oь 100) >83/3680 ESLL£E££8/O3-LCEQ-OZEL-9009-20896SPB-)du330U3 3sanbaJ J0] J0JSUEJ3 0US0S M (ESS:Ad 101D3UUOS aYESU0ou] SZ:OS ET VT-SO OHNI (E1698)-PId 1183 EdL TAO aNIOM)
evice id 3 remote session id 122,209.21,10:15223
230)  (SXD019 8E  sdn038 8E) SW Z6 OF Y00) SB0£368E ESTL£C££8/O3-2£EQ-OZC) 90E8-20896SD8-)duDAeUD ssanbaJ J0] JOJSUEL3 aUS0D AN (ESS:Ad 10133UUOS axe3U00U] IT:OS:ET VT SO OHNI (1Z998I-pId 683 Tdl ZAG JaqJOM)
vice_id 1 remote session id 122.209.21.10:15569
(EngineCore DPO pid-486510) INFO 05-14 13:50:29 [shm broadcast.py:681] No available shared nemory broadcast block found in 60 seconds. This typically happens when some processes are hanging or doing some tim
ilation, weight/ky cache quantization),
C3 (EngineCore OPO pid-486510) INFO 05-14 13:54:29 [shm broadcast.py:681]No avallable shared menory broadcast block found in 60 seconds. This typically happens when some processes are hanging or doing some time 	ilation, weight/kv cache quantization).
E (APIServer pid-486431) INFO:   122.209.21.9:41312 "POST /1/chat/completions HTTP/1.1° 200 OK
01的	-(EngineCore DP2 pid-486509) INFO 05-14 13:55:25 (shm broadcast.py:681) No available shared memory broadcast block found in 60 seconds, This typically happens when some processes are hanging or doing some time-(	ilation, weight/kv cache quantization).
a	(EngineCore DPO pid 486510) INFO 05-14 13:55:29 [shm broadcast py:681) No available shared memory broadcast block found in 60 seconds, This typically happens when some processes are hanging or doing some time-c	flation, weight/kv cache quantization).
,(EngineCore OP2 pid-486509) INFO 05-14 13:56:25 [shm broadcast.py:681) No available shared nemory broadcast block found in 60 seconds. This typically happens when some processes are hanging or doing some time c	ilation, weight/ky cache quantization).
(EngineCore DPO pid -486510) INFO 05-14 13:56:29 [shm broadcast py:681) No available shared memory broadcast block found in 60 seconds. This typically happens when some processes are hanging or doing sone time-c	ilation, weight/kv cache quantization).
-	(EngineCore DPO pid=486510) INFO 05-14 13:57:29 [shm broadcast.py:681) No available shared memory broadcast block found in 60 seconds. This typically happens shen sone processes are hanging or doing some time-cc	ilation, weight/kv cache quantization).
(Worker DPO_TP2 EP2 pid-486797) ERROR 05-14 13:57:37 [multiproc executor.py:932] WorkerProc hit an exception.
(Worker DPO_TP2 EP2 pid=486797) ERROR 05-14 13:57:37 [multiproc executor.py:932] Traceback (most recent call last):"
(Worker DPO_TP2 EP2 pid-486797) ERROR 05-14 13:57:37 [multiproc executor py:932]	File "/vllm-workspace/vllm/vllm/v1/executor/rultiproc executor.py”, Line 927, in worker busy lacpl
(Worker DPO_TP2 EP2 pid-486797) ERROR 05-14 13:57:37 [aultiproc executor py:932]	output = func( args, kwargs)
(Worker DPO_TP2 EP2 pid-486797) ERROR 05-14 13:57:37 [multiproc executor.py:932]	VVVVVVVVwvyvwvvvvvvvv
(Worker DPO_TP2 EP2 pid=486797) ERROR 05-14 13:57:37[nultiproc executor.py:932]	File "/vllm-workspace/vllm-ascend/vllm ascend/worker/worker.py”, Line 573, in execute dummy batch
(Morker DPO_TP2_EP2 pid-486797) ERROR 05-14 13:57:37 [multiproc executor.py:932]	self model runner. dummy run(num tokens-self.model_runner.decode token per req, unif	deTrue)
(Worker DPO_TP2 EP2 pid-486797) ERROR 05-14 13:57:37[eultiproc_executor.py:932]	File "/usr/local/python3.11.14/Lib/python3.11/site packages/torch/utils/ contextlib.py'.	arate context
(Worker DPO_TP2_EP2 pid 486797) ERROR 05-14 13:57:37 [multiproc executor.py:932]	return func(args,“*kwargs)"
(Worker DPO_TP2 EP2 pid-486797) ERROR 0S-14 13:57:37 [multiproc executor.py:932]	 VVvVVwwywwwwywwwvwvww
(Worker DPO_TP2 EP2 pid 486797) ERROR 05-14 13:57:37 (aultiproc executor.py:932]	File "/vllm-workspace/vllm-ascend/vllm_ascend/worker/model_runner_v1.py”, Line 2492, in dunny_runt
(Worker DPO_TP2 EP2 pid-486797) ERROR 05-14 13:57:37 (multiproc executor.py:932]	outputs = self. model_forward(
(Morker DPO_TP2 EP2 pid=486797) ERROR 05-14 13:57:37 [aultiproc executor.py:932]	VVVVVVVVVVVVVVvvvwww
(Worker DPO_TP2_EP2 pid-486797) ERROR 05-14 3:57:37 (oultiproc executor py:932]	File "/vllm-workspace/vllm-ascend/vllm ascend/worker/modelrunner vi.py”, Line 1818, in model forward
(Worker DPO_TP2 EP2 pid 486797) ERROR 05-14 13:57:37 (multiproc executor.py:932]	hidden_states - self model(
(Worker DPO_TP2 EP2 pid=486797) ERROR 05-14 13:57:37[multiproc executor.py:932]	vvvvvvvwvvy
(Worker DPO_TP2 EP2 pid=486797) ERROR 05-14 13:57:37 [multiproc executor py:932]	File "/vllm-workspace/vllm-ascend/vllm ascend/compilation/act graph py”, line 206, in _call
(Worker DPO_TP2_EP2 pid=486797) ERROR 05-14 13:57:37 [multiproc executor py:932]	torch.npu.current stream().synchronize()"
(Worker DPO_TP2_EP2 pid=486797) ERROR 05-14 13:57:37 (multiproc executor py:932]	azjuo.npuks u1 's8 3u1) ‘ Ad.suea.s/ndu/ndu p.03/sa8exped-a1!S/TT CuoU Ad/Q!1/£T TT£uOU3Ad/1e20]/usN/, 911} 
(Worker DPO_TP2 EP2 pid-486797) ERROR 05-14 13:57:37 (multiproc executor.py:932]	super(Stream, self).synchronize()"
деzиисицрийса поусопресстdи ОТЭ :июзиа иоудриту паN T9E:S3 ризdар зарудиоЭущур пdи дриоз/катууеженО/р)упо:еZцио.риКя :иолизащузunу (ZE6:Ad 103п3аха 30.d/117) LE:LS:ET VT SO YO883 (26/986-pId Zd3 ZAL OdO .аquом)
m()), error code is 507011*
(Arker DPO TP2 EP2 pid-486797)ERROR 05-14 13:57:37 [multiproc executor.py:932] [ERROR] 2026-05-14-13:57:37 (PID:486797, Device:2, RankID:-1) ERROO100 PTA call acl api failed A
(Morker_DPO_TP2 EP2 pid-486797) ERROR 05-14 13:57:37 [multiproc executor.py:932] [Error]: Hodel execution failed.oe
(Morker _DPO_TP2 EP2 pid-486797) ERROR 05-14 13:57:37 (oultiproc_executor.py:932]	Rectify the fault based on the error information in the ascend log.
(Worker OPO_TP2_EP2 pid-486797) ERROR 05-14 13:57:37 [multiproc executor.py:932] EE9999: Inner Errorl
 oddns 10u saop apoш aunndeэ зuэзипЭ зuр-uoseaх "ратlед иорапраха Коэшэу   :(666633) Z8C 260 TS SC:ÜT-21 sO 9Z0z (261985 :01A)666633 (ZE6:Ad'103nD3xa 30.d/11nW) LE:25:ET VT-SO 8OU83 (16/986-pId ZJ3 ZA1 OdO .axuoM) 
C:FuncErrorReason](FILE:error nessage manage.cc][LINE:61]
(Worker DPO_TP2_EP2 pid=186797) ERROR 05-14 13:57:37 [multiproc executor.py:932]	TraceBack (most recent call last):A
a1	(Morker DPO_TP2 EP2 pid-486797) ERROR 05-14 13:57:37(multiproc executor py:932]	(Morker DPO_TP2 EP2 pid-486797) ERROR 05-14 13:57:37[ultiproc executor .py:932)	rtStreamSynchronizeilithTineout execution failed, reason-the model strean execute failed[FUNC:FuncErrorReason](FLE:error message manage .cc]	synchronized memcpy falled, kind 1, runtime result - 107030[FUNC:ReportCalUError][FILE:log_inner.cpp][LINE:148)
(Morker DPO TP2 EP2 pid-486797) ERROR 05-14 13:57:37 [multiproc executor.py:932)a	(Morker DPO TP2 EP2 pld-486797) ERROR O5-14 13:57:37[multiproc executor.py:932]	synchronize stream with timeout failed, runtime result - 507011(FUNC:ReportCal(Error][FILE:Log inner.cpp][LINE:148]
O (Morker _OPO_TP2_EP2 pid 486797)TRROR O5-14 13:57:37[ ultiprot executor.py:932]	a	a	(Arker DPO_TP2 EP2 pid=486797) ERROR 05-14 13:57:37[multiproc executor.py:932]	(Morker DPO_TP2 EP2 pid=486797) ERROR O5-14 13:57:37( ultiproc executor.py:932)	(Morker OPO _TP2 EP2 pid 486797) ERROR 05-14 13:57:37 [multiproc executor py:932]	(Morker_DPO_TP2 EP2 pid=486797)ERROR O5-14 13:57:37[multiproc executor py:932]	(Morker DPO_TP2_EP2 pid 186797)ERROR 05-14 13:57:37[rultiproc executor.py:932]	(Morker_OPO TP2 EP2 pid-486797)ERROR OS-14 13:57:37 [multiproc executor.py:932]	(Morker DPO_TP2 EP2 pid-486797) ERROR 05-14 13:57:37 (multiproc_executor.py:932]	(Morker DPO TP2 EP2 pid-486797) ERROR 05-14 13:57:37 [multiproc executor.py:932]	(Morker DPO_TP2 EP2 pid 186797) ERROR 05-14 13:57:37 [oultiproc executor py:932]	(Morker DPO_1P2 EP2 pld 186797)ERROR OS-14 13:57:37 [multiproc executor.py:932]	(Morker DPO_TP2 EP2 pid-486797)ERROR 05-14 13:57:37 [multiproc executor py:932]	(Morker DPO_TP2 EP2 pid-486797)ERROR 05-14 13:57:37 [oultiproc executor py:932]	(Morker DPO_TP2 EP2 pid-486797) ERROR 05-14 13:57:37 [multiproc executor py:932]	(Morker DPO_TP2_EP2 pid-486797) ERROR 05-14 13:57:37 [multiproc executor py:932]	(Morker DPO_1P2 EP2 pid-486797) ERROR 05-14 13:51:37 [multiproc executor py:932]	(Morker OPO_TP2 EP2 pid-486797) ERROR 05-14 13:57:37 [wultiproc executor.py:932]	(Morker DPO_TP2 EP2 pid 186797) ERROR 05-JLA 13:57:37 [multiproc executor.py:932]	(Morker DPO_TP2 EP2 pid-186797) ERROR 05-14 13:57:37 [ ultipro: executor.py:932]	салs)апови изудивалядахиолурийва т ус:тавсстdе ог- :иовиа моравиту дам T98:52 ризdар дарудиоЭ/дур пди урио3/SаT/ЗЭAPК/рTIпд асуиющириAя :колизаоудити [ZE6:A0 капрака зоидуаро0) 1E I5 E1 VT-sO 80883 (16198) pd гдa za1 она торюд) 	и pa1rey уde por 1109 VId 00100883 (T-:G1MuEy "Z:aЭ]Aag '26198):O1d) LE:1S:ET-11 SO-9ZOZ[80883] (ZE6:Ad*103N39320ud(11m】 1E:1S:ET 91-SO 8OH3 (16198)-01d U3ZAL OJAT aquon)	(Morker DPO_TP2 EP2 pid-486797)ERROR 0S-14 13:57:37 (oultiproc executor.py:932](Error]: Model execution failed.	m()), error code is 507011-	(Morker_DPO TP2 EP2 pid-486797) ERROR 05-14 13:57:37 ultiproc executor py:932]	(Morker DFO 1P2 EP2 p16-486797) EKROR 05-14 13:57:37 [ultiproc executor.py:932] EE9999: Inner Errorl 	Traceback (most recent call last):	file "/vlla workspace/vllm/vllm/V1/executor/multiproc executor.py", line 927, in worker busy loop	File "/vllm workspace/vllm-ascend/vllm ascend/worker/worker.py", Line 573, in execute dummy batchI	File “/vllm-workspace/vllm-ascend/vllm ascend/compilation/acl graph py”. [ine 206, in __call	azivompuks u]s8 u1" Ad surass/ndu/ndu up.01/saJexped-31!5/TT CUOU1Ad/q!1/FT’IT CUOWAd/1e30]/JSN/, 91!3	File "/vllm workspace/vllm-ascend/vllm_ascend/worker/model runner v1.py", Line 1818, in model forvard 	File "/usr/locat/python3.11.14/Lib/python3.11/site packages/torch/utils/ contextlib py , Line 120, in decorate context*	File "/vllm workspace/vllm-ascend/vllm ascend/worker/model runner V1.py", Line 2492, in dusmy run l	self.model_runner. dummy_run(num tokens self model_runner decode token per req, uniform decode-Truc)	hidden states = self.model(	return func( args, kwargs) 	super(Strean, self).synchronize()	outputs = self. model forward(	output = func( args,"kwargs)	torch.npu.current stream().synchronize()	Rectify the fault based on the error information in the ascend log.ee	vVYYVVVVWVwwwvywwwwwy的	VVWVVVVVVVVwvvwvwwwww的	wwVvwVVVwwvwwwwwvww	Svvvvwwwwwwy
(Morker DPO_1P2 EP2 pid 486797) ERROR 05-14 13:51:37(nuttipro: executor.py:932] E£9999[PID: 486797] 2026-05-12-14:35:51.097.382 (EE9999):rtMeacpy execution failed, resson the current capture mode does not support this operation[fUI	(:FundErrorReason][FIUE:error message manage.ccJ(LIME:61]	(Morker DPO_TP2 EP2 pld-486797)ERROR 05-14 13:57:37 [ultiproc executor py:932]	(Morker DPO IP2 EP2 pid-186797) ERROR 05-14 13:57:37  nultiproc executor .py:932)	(Morker DPO_1P2 EP2 pld-486797)ERROR 05-14 13:57:37 multiproc executor py:932)	(Morker DPO _TP2 EP2 pld-186797) ERROR 05-14 13:57:37 [ ultiprec axecutor.py:932]	1]、	(Morker DPO TP2 EP2 pid-486797) ERRCR 05-14 13:57:37 (muitiproc executor.py:932]	(Morker OPO TP2 EP2 pi6 486797) ERROR 0S-14 13:51:37 (aultiproc executor py:932]	rtstreanSynchronizeMithfineout execution failed, resson the aodel streon execute fafledfFUNC:FuncErrorReason](FILE:error message manage.ce][LINE:6	synchronized nencpy failed, kind - 1, runtime result – 107030[FUNC:ReportCaltErrar](FIE:loginner.cpp)(UINE:148] 	synchronize stream with tincout failed, runtine result - SO7O11(fUNC:ReportCallErrer】(FILE:tog_inner.cpp)(LINE:148]	TraceBack(most recent call last):"
(Morker DPO _TPO_EPO pid 486590) ERROR 0S-14 13:57:37 (multiproc executor.py:932)	(Morker DPO TPO_EPO pid-486590) ERROR 05-14 13:57:37 [eultipros executor.py:932]a	(Morker OPO TPO EPO pid 486590) ERROR 05-14 13:57:37 [nultiproc executor.py:932]	(Morker OPO_TPO_EPO pid-486590) EAROR 0S-14 13:57:37 (aultiproc executor.py:932]	(Morker OPO TPO EPO pid 486590) ERROR 05-14 13:57;37 [mwitiproc executor.pY:932)	WorkerProc hit an exception.ne	Troceback(nost recent call last);"e	file "/iln workspace/VLLa/VlLa/VI/executor/wultiprec executor.py”. tine 927, In worker busy loop	(s3eM)., 's8se,)Sun] a 3nd3n0	000000vsstttueveeveny
on,s
C3 (Morker DPO_TPI EPI pid-486627) ERROR O5-14 13:57:39 [multiproc executor.py:932)a	File "/LLm workspace/Vlla-ascend/VlIn_ascend/worker/model runner v1.py , line 2492, in dummy run'l
(Morker DPO TPI_EP1 pid-486627)ERROR OS-14 13:57:39 [ ultiprot executor py:932]	outputs - self. model_forward(
C(Morker DPO TPI EP1 pid 186627) ERROR 05-14 13:57:39 [multiproc_executor.py:932)	(Morker DPO_TPI EPI pid 486627) ERROR 05-14 13:57:39 (aultiproc executor py:932)产	File "/vllm-workspace/vllm-ascend/vllm ascend/worker/model_runner v1.py", line 1818, in model forward 	VVVVVVVVVVVYVvwyvvwy的
(Worker DPO_TP1 EP1 pid-186627)ERROR 05-14 13:57:39 [multiproc executor.py:932)	hidden states* self.model("
(Morker DPO_TP1 EPI pid-485627) ERROR O5-14 13:57:39(multiproc executor py:932)	SvVvwvwwywwy的
(Morker DPO_TP1 EP1 pid-486627)ERROR 05-14 13:57:39 (aultiproc executor py:932]的的	File "/vllm workspace/vllm-ascend/vlla ascend/compilation/acl graph.py”, line 206, in __call
(Worker DPO_TPI_EPI pid-486627) ERROR 05-14 13:57:39 [multiproc executor py:932]	torch.npu.current strean().synchronize()a
(Worker DPO TP] EP1 pid-486627)ERROR O5-14 13:57:39 (multiproc_executor.py:932]的	File "/usr/Local/python3.11.14/\ib/python3.11/site-packages/torch npu/npu/streams.py, Line 85, in synchronize
(Norker DPO TP1 EPI pid-186627) ERROR 05-14 13:57:39 (multiproc_executor.py:932]	.(Morker DPO_TPI EPI pid 486627) ERROR 05-14 13:57:39 [multiproc executor.py:932) RuntimeError: synchronize:build/CNakefiles/torch npu.dir/compiler depend.ts:361 KPU function error: c10 npu::acl::AclrtSynchronizeStreanWithTimec	super(Stream, self).synchronize()
n (Morker OPO_TPI EPI pid-48662/) ERROR O5-14 13:57:39 [ultiproc executor.py:932] 【ERROR] 2026-05-14-13:57:39 (PID:486627, Device:1,RankID:-1) ERRO0100 PTA call acl api failed"I	口 m()), error code is 507011
(Morker DPO_TP1 EPI pid-186527)ERROR 05-14 13:57:39 [multiproc executor.py:932] [Error]: Nodel execution failed.
(Morker DPO_TPI EP1 pid-186627) ERROR 05-14 13:57:39 [aultiproc executor py:932]	Rectify the fault based on the error information in the ascend log
(Morker DPO _TP1_EP1 pid-486627) ERROR 05-14 13:57:39 [ ultiproc executor.py:932] EE9999: Inner Error!w	suado sión auoddns 30u saop apou aunndes зuaлuno зun-poscau "радlед погзлзаха Коэиау 1 :(666633) 196 960 TS:SE:VT-Z1 SO-9ZOZ (27998ь :013)666633 (ZE6:Ad J3праха э0udи31лW) 65°IS:8T F1 SO 80883 (179981 prd Td3 Tal od@ 1ахиoм)
C:FundErrorReason][FILE:error_nessage manage.cc][LINE :61 ] ● 
(Morker DPO_TPI_EP1 pid 486627) ERROR OS-14 13:57:39 [multiproc executor.py:932]	(Worker DPO _TPI_EPI pid-186627)ERROR 05-14 13:57:39 [muttiproc executor py:932]	(Morker DPO_TPI_EP1 pid-486627) ERROR 05-14 13:57:39 [multiproc_executor.py:932]	rtStreamSynchronizeWithTimeout execution failed, reason the model stream execute failed(FUNC:FuncErrorReason](FILE:error message manage.c	synchronized mencpy failed, kind = 1, runtime result = 107030[FUNC:ReportCallErrer](FILE:Loginner.cpp][LINE:148]	TraceBack (most recent call last):●
1"	(Morker DPO_TP1 EP1 pid-486627) ERROR 05-14 13:57:39 [multiproc executor.py:932]	synchronize stream with timeout failed, runtime result = 507011[FUNC:ReportCallError)(FDLE:tog inner.cpp][LINE:148]
(Morker DPO_TPI_EP1 pid-486627) ERROR 05-14 13:57:39 (multiproc executor.py:932]
(Norker DPO_TP1_EP1 pid-486627) ERROR 05-14 13:57:39 [multiproc executor.py:932]
[486627)[2026-05-14 13:57:39:475) torch.distributed: (ERROR] [487310) Find exception when finishedNPUExecutionInternal, query:build/CNakeFiles/torch nou.dir/compiter depend ts:83 NPU function error: a	(Morker DPO TP1_EP1 pid-486627) INFO 05-14 13:57:39 [multiproc executor py:854] MorkerProc shutting domm.
vent_, &currStatus), error code is 507011
[ERROR] 2026-05-14-13:57:39 (PID:486627, Device:1, RankID:-1)ERR00100 PJA call acl api failed
[Error): Model execution failed.
Rectify the fault based on the error information in the ascend log.
EE9999[PID: 486627] 2026-05-14-13:57:39.475.088 (EE9999):rtEventQueryStatus execution failed, reason the model stream execute failed(FUNC:FuncErrorReason](FILE:error nessage_manage.ce](LINE:61]	EE9999: Inner Error!
(Query](Status]query event recorded status failed, runtime result - 507011(FUNC:ReportCal(Error][FILE:log inner.cpp][LIME:148]	TraceBack (most recent call Last):
Exception raised from query at build/CNakeFiles/torch npu.dir/compiler depend.ts:83 (most recent call first):
frame 00:C1O::Error::Error(C10::Sourcelocation,std:; cxxil::basic_string char, std;:char traits char , st
:00 3dаэха ц3iM po1eUJu131 pess 3opup1ex 1OH (1 queY][E691:52.puadap 1a11duO3 0TLTSS6TT 68:1S:ET VTS3] :[TqUes)
[ERROR] 2026-05-14-13:57:39(PID:486627,Device:1, RankID:-1)CRR02005 DIST internal error
terminate called after throwing an instance of 'std::runtime error'
what(): [Rank 1] HCCL watchdog thread terminated with exception:
(ERROR] 2026-05-14-13:57:39(PID:486627,Device:1, RankID:-1)ERRO2005 DIST internal error
(APIServer pid=486431) INFO:	Shutting domn
s: frane 1O: C1O::Error::Error(c10::Sourcelocation, std::_cxll::basie string char, std::char traits char , st	C(ERROR] 2026-05-14-13:57:39 (PID:485627,Device:1,RankID:-1) ERRO2005 DIST internal error	[ranki]:(ES14 13:57:39.119551710 compiler depend.ts:1693] (Rank 1] HCCL watchdog thread terminated with exception:的	terminate called after throwing an instance of std::runtime error'
what(): [Rank 1] HCCL watchdog thread terminated with exception:c
(ERROR] 2026-05-14-13:57:39(PID:486627,Device:1, RankID:-1) ERRO2005 DIST internal error	(APTServer pid=486431) INFO:	Shutting down
(APIServer pid-486431) INFO:	Waiting for application shutdown.
(APIServer pid 486431) INFO:	Application shutdown complete.
(APIServer pid-486431) INFO:	Finished server process [486431]
a	(ERROR] TBE Subprocess[task distribute] raise error[], main process disappeared!	(APIServer pid-486431) sys:1: Deprecationiarning: builtin type swigvartink has no	module__ attribute
【ERROR] TBE Subprocess[task distribute] raise error[], main process disappeared!
(ERROR] TBE Subprocess[task distribute] raise error[], main process disappeared!
a	(ERROR] TBE Subprocess[task distribute] raise error[], main process disappeared!
(ERROR] TBE Subprocess[task distribute] raise error[, main process disappeared!
(ERROR] TBE Subprocess[task distribute] raise error[], main process disappeared!
(ERROR] TBE Subprocess[task distribute) raise error[), main process disappeared!
[ERROR] TBE Subprocess[task distribute) raise error[), main process disappeared!
(ERROR] TBE Subprocess[task distribute) raise error[], main process disappeared!
(ERROR] TBE Subprocess[task distribute] raise error[], main process disappeared!
[ERROR] TBE Subprocess[task distribute] raise error□], main process disappeared!
【ERROR] TBE Subprocess[task distribute) raise error[, main process disappeared!
[ERROR] TBE Subprocess[task distribute] raise error[], main process disappeared!
(ERROR] TBE Subprocess[task distribute) raise error[, main process disappeared!
【ERROR] TBE Subprocess[task distribute] raise error[], nain process disappeared!
(ERROR] TBE Subprocess[task distribute] raise error[], main process disappeared!
/usr/Local/python3.11.14/Lib/python3.11/eultiprocessing/resource_tracker py:254: Userkarning: resource tracker: There appear[to be 124 leaked semaphore objects to clean up at shutdom	warnings.warn( resource tracker: There appear to be %d 'c
/usr/local/python3.11.14/Lib/python3.11/multiprocessing/resource_tracker.py:254: UserWarning: resource_tracker: There appear to be 1 leaked shared uemory objects to clean up at shutdom	warnings.warn( resource tracker: There appear to be %d 'c
(EngineCore DP2 pid 486509) INFO 05-14 13:58:25 [shm broadcast.py:681) No available shared memory broadcast block found in 60 seconds. This typically happens ahen sone processes are hanging or doing some time consuming work (e.g
ilation, weight/ky cache quantization).
 3 0) xuom Sugunsuos augz awos Sujop 10 Sug3ucg aue sassazond anos waum suadden Appes d, s1U) "spuosas 09 u1 punoj ypo19 1s0эрг01q Клощеи разецs этдет1еле oN (189:Ad эsеэре0лq wцs) ST:65:ET 61 SO 03NI (60S98V=pId ZdO a.0)aU]Su3)	ilation, weight/kv cache quantization).
(Worker DP2_TP2_EP1O pid-486799) ERROR 05-14 13:59:34 [ ultiproc executor.py:932] WorkerProc hit an exception.
(Worker DP2 TP2 EP10 pid-486799) ERROR 05-14 13:59:34 (multiproc executor.py:932]	Traceback (most recent call last): ,
(Morker_DP2_TP2 EP1O pid-486799) ERROR 05-14 13:59:34 (aultiproc executor.py:932]	File "/vllm workspace/Vllm/vilm/v1/executor/multiprec executar py’, line 927,in worker busy loopi
(Wrker_DP2_TP2 EP10 pid=486799)ERROR 05-14 13:59:34 (nultiproc executor.py:932]	output - func( ares,"kwargs)"
(Worker _DP2_TP2_EP10 pid-486799) ERROR 05-14 13:59:34 [multiproc executor.py:932]	/VVvvVwwwwvwyvwwvwwwwy
(Morker DP2_TP2 _EP1O pid-486799) ERROR 05-14 13:59:34 [multiproc executor.py:932]	File “/vllm-workspace/vllm-ascend/vilm_ascend/worker/worker.py”, Line 573, in execute dunny batch
(Morker DP2_TP2_EP10 pid-486799) ERROR 05-14 13:59:34 [multiproc executor.py:932]	self.model_runner._dummy run(num tokens self.model_runner.decode taken per req, uniform decade-True)e
(Worker_DP2_TP2_EP10 pid-486799) ERROR 05-14 13:59:34 (sultiproc executor.py:932]	1x33000 31еJ02ap 0]  OZT U1) “ Ad qu2x31000~/S113N/DJ03/S3eped-03/S/TT CUOU3Ad/QI1/FT"TT"EUOU3Ad/1e301/JSN/。 11}的
(Morker DP2 TP2 EP1O pid-486799) ERROR 05-14 13:59:34 [multiproc executor.py:932]	return func(ares,""kwares)
ss (Horker OP2 IPI EPS pid-486624) ERROR 05-14 18:59:41 (multiproc executor.py:932)	。	a	(Morker DP2_TP1_EP9 pid 486624)ERROR 05-14 13:59:41[multiproc_executor.py:932]	(Morker OP2 TP1_EP9 pid-486624) ERROR 05-14 13:59:41 [multiproc executor.py:932]	(Morker DP2_TP1 EP9 pid=486624)ERROR 05-14 13:59:41 [multiproc executor py:932]	(Morker DP2 TP1_EP9 pid 486624)ERROR 05-14 13:59:41[multiproc_executor.py:932]	(Morker DP2_TP) EP9 pid-486624) ERROR 05-14 13:59:41 [multiproc executor.py:932]	(Worker OP2_TP1_EP9 pid 486624) ERROR 05-14 13:59:41[multiproc executor.py:932]	自 快速连接 × A 快速连接 ×自 快速连接 × 企 快速连接	a快速连接	a 快速连接	File "/vilm-workspace/vllm-ascend/vllm ascend/compilation/acl graph.py", line 206, in _call	azjuo puks u]'s8 aul ' Ad suea.ns/ndu/ndu qpJ03/saBexped-3315/TT EVOU3Ad/q11//T"TT"EUOUTAd/ e20]/JSD/, 111的	File “/vlla-workspace/vllm ascend/vllm ascend/worker/model_runner_v1.py", Line 1818, in model forvard	hidden states = self.model(	torch.npu.current stream().synchronize()*	super(Stream, self).synchronize()"	vvvwvvwwwwv的
(Worker OP2_TP1 EP9 pid-486624) ERROR 05-14 13:59:41 [multiproc executor py:932) RuntimeError: synchronize:build/CNakeFiles/torch npu.dir/compiler depend.ts:361 KPU function error: c10 npu::acl::ActrtSynchronizeStreanWithTimcout(stre	m()), error code is S07011
O (Worker DP2 TPI EP9 pid 486624)ERROR 05-14 13:59:41 (ultiproc_executor.py:932]	 10.13 JUUT :666633 (ZE6:Ad 103103XA 30.d/310] T):65:ET VT-SO 8O883 (1Z9981-pId 6d3 TaL ZAO Jaq1og)	(worker DP2_TPI EP9 pid-486624) ERROR O5-14 13:59:41 [multiproc executor py:932]【ERROR] 2026-05-14-13:59:41 (PID:486624,Device:1, RankID:-1) ERR00100 PTA call acl api failed"	(Morker DP2_TPI EP9 pid-486624) ERROR 05-14 13:59:41 (aultiproc executor.py:932] [Error]: Hodel execution failed.	Rectify the fault based on the error information in the ascend log.●s
, (Worker DP2 TP1 EP9 pid 486624) ERROR 05-14 13:59:41 (multiproc executor.py:932) EE9999[PID: 486624] 2026-05-12-14:35:51.137.342 (EE9999):  rtKeacpy execution failed, reason the current capture node does not support this operationfFUI	C:FuncErrorReason][FILE:error message manage.cc)(LINE:61]
(Morker DP2_TP1 EP9 pid-486624) ERROR 05-14 13:59:41 [multiproc_executor.py:932]	(Morker DP2_TPI EP9 pid-486624) ERROR 05-14 13:59:41 [multiproc executor.py:932]	(Worker OP2_TP1_EP9 pld-486624) ERROR 05-14 13:59:41 [multiproc executor.py:932]	i"	synchronized mencpy failed, kind = 1, runtime result = 107030[FUNC:ReportCal(Error](FILE:Log_inner.cpp](LINE:148]	rtStreamSynchronizeWithTimeout execution failed, reason the model stream exccute failed(FUNC:FuncErrorReason](FILE:error message nanage.ce](LINE:G	TraceBack (most recent call Last):
(Worker DP2 TP1 EP9 pid 486624) ERROR 05-14 13:59:41 [multiproc executor.py:932]	(Worker DP2 TPI EP9 pid-486624) ERROR 05-14 13:59:41 [multiproc executor.py:932]	synchronize stream with timeout failed, runtime result = 507011(FUNC:ReportCal(Error ](FILE:Loginner.cpp][LINE:148]"
(Worker DP2_TP1_EP9 pid-486624) ERROR 05-14 13:59:41 (aultiproc_executor py:932]
(Morker DP2_TPI_EP9 pid-486624) INFO 05-14 13:59:41 [multiproc executor.py:854] WarkerProc shutting dom.
[486624] [2026-05-14 13:59:42:104] torch.distributed: [ERROR] [487317) Find exception when finisheaNPUExecutionInternal, query:build/CNakefiles/torch npu.dir/compiler depend.ts:83 NPU function error: acl::AclQueryEventRecordedStatus(e 	vent , &currStatus), error code is 507011e
(ERROR] 2026-05-14-13:59:42(PID:486624, Device:1, RankID:-1) ERR00100 PTA call acl api failed
(Error]: Nodel execution failed.
Rectify the fault based on the error infornation in the ascend log.
EE9999: Inner Error!
EE9999[PID: 486624] 2026-05-14-13:59:42.103.751 (EE9999): rtEventQueryStatus execution failed, reason the model strean execute failed(FUNC:FuncErrorReason](FILE:error message manage.ce][(LINE:61]	TraceBack(most recent call last):
[Query][Status]query event recorded status failed, runtine result = 507011[FUNC:ReportCallError][FILE:log_inner cpp][LINE:148]的
Exception raised from query at build/CNakeFiles/torch npu.dir/compiler depend.ts:83 (most recent call first):
frame #O: c10::Error::Error(c10::Sourcelocation, std::cxxll::basic_string char, std::char_traits char>, st
:u012daoxa 4]M pa1euJW.3] pea.T Sopup1eM 1OH [T quey](£691:51 pUadap~Ja)IdDOD O£8SOZ8IL’ZW:65:ET M1S3]的
(ERROR] 2026-05-14-13:59:42(PID:486624, Device:1, RankID:-1) ERR02005 DIST internal error
terminate called after throwing an instance of std::runtime error'
what(): [Rank 1] HCCL watchdog thread terminated with exception:
(ERROR】 2026-05-14-13:59:42(PID:486624, Device:1, RankID:-1) ERRO2005 DIST internal error
umopanys se dn ueaTo 03 sapafgo ajoudeuas paqea) vZT aq o3 seadde auauy :uaspeun acunosas :SujuJeguasn :bSZ:Adruaspest asunosau/Suyssa3oud/310/TT suouAd/411/AT"IT EUOUAd/1E00] /1sn/
warnings.warn( resource tracker: There appear to be %d
umopanus de dn ueaja on sapafqo Auouau paseys payea) T aq 03 Jeadde auau] :Jaxpeun acunosau :SujWJegLasA :bSZ:Ad Impeut ao.nosau/Suyssa3oud/21NW/TT EuouTAd/q11/6T"IT EuouAd/1E00]/1SA/
arnings.warn( resource_tracker: There appear to be %d

